a: int #
b: int #
j: bool #
y: bool #
x: bool #
c: bool #
d: bool #
q: bool #
e: bool #
h: bool #
